==============================
PHASE 1: Interpolation (±3mm)
steps=200000 save_freq=10000 log_freq=50 jitter=3
==============================
==============================
PHASE 1: Interpolation (±3mm)
steps=200000 save_freq=10000 log_freq=50 jitter=3
==============================
==============================
PHASE 1: Interpolation (±3mm)
steps=200000 save_freq=10000 log_freq=50 jitter=3
==============================
==============================
PHASE 1: Interpolation (±3mm)
steps=200000 save_freq=10000 log_freq=50 jitter=3
==============================
==============================
PHASE 1: Interpolation (±3mm)
steps=200000 save_freq=10000 log_freq=50 jitter=3
==============================
[sitecustomize] Task-Jitter aktiv: ±3.0mm mode=uniform seed=0
gym id 'gym_gym_manipulator/None' not found, attempting to import 'gym_gym_manipulator'...
[sitecustomize] Task-Jitter aktiv: ±3.0mm mode=uniform seed=0
[RUN] lerobot-train --config_path configs/act_env_smoke.yaml --dataset.root records/throws/fs_2026-02-08_ALL_THROWS_FIXED --steps 200000 --log_freq 50 --save_checkpoint true --save_freq 10000
==============================
PHASE 1: Interpolation (±3mm)
steps=200000 save_freq=10000 log_freq=50 jitter=3
==============================
==============================
PHASE 1: Interpolation (±3mm)
steps=200000 save_freq=10000 log_freq=50 jitter=3
==============================
==============================
PHASE 1: Interpolation (±3mm)
steps=200000 save_freq=10000 log_freq=50 jitter=3
==============================
